I'm sorry, but errors were detected in your script. Please correct the
errors listed below, and try again.


File "game/script.rpy", line 44: expected menuitem
    $ name:
    ^

Ren'Py Version: Ren'Py 8.0.2.22081402
Mon Aug 22 12:42:52 2022
